// Jest Snapshot v1, https://goo.gl/fbAQLP

exports[`SocialIcons Render correctly 1`] = `
<ul
  class="flex space-x-2 text-lg text-gray-800"
>
  <li>
    <a
      href="//twitter.com/danrocc"
      rel="nofollow"
      target="_blank"
    >
      <svg
        class="icon"
      >
        <use
          xlink:href="#twitter"
        />
      </svg>
    </a>
  </li>
   
  <li>
    <a
      href="//github.com/danrocha"
      rel="nofollow"
      target="_blank"
    >
      <svg
        class="icon"
      >
        <use
          xlink:href="#github"
        />
      </svg>
    </a>
  </li>
   
  <li>
    <a
      href="//linkedin.com/in/danrocha"
      rel="nofollow"
      target="_blank"
    >
      <svg
        class="icon"
      >
        <use
          xlink:href="#linkedin"
        />
      </svg>
    </a>
  </li>
</ul>
`;
